#
# There is insufficient memory for the Java Runtime Environment to continue.
# Native memory allocation (malloc) failed to allocate 2161648 bytes. Error detail: Chunk::new
# Possible reasons:
#   The system is out of physical RAM or swap space
#   This process is running with CompressedOops enabled, and the Java Heap may be blocking the growth of the native heap
# Possible solutions:
#   Reduce memory load on the system
#   Increase physical memory or swap space
#   Check if swap backing store is full
#   Decrease Java heap size (-Xmx/-Xms)
#   Decrease number of Java threads
#   Decrease Java thread stack sizes (-Xss)
#   Set larger code cache with -XX:ReservedCodeCacheSize=
#   JVM is running with Zero Based Compressed Oops mode in which the Java heap is
#     placed in the first 32GB address space. The Java Heap base address is the
#     maximum limit for the native heap growth. Please use -XX:HeapBaseMinAddress
#     to set the Java Heap base and to place the Java Heap above 32GB virtual address.
# This output file may be truncated or incomplete.
#
#  Out of Memory Error (arena.cpp:168), pid=27532, tid=25916
#
# JRE version: OpenJDK Runtime Environment Temurin-21.0.12.1+1 (21.0.12.1+1) (build 21.0.12.1+1-LTS)
# Java VM: OpenJDK 64-Bit Server VM Temurin-21.0.12.1+1 (21.0.12.1+1-LTS, mixed mode, sharing, tiered, compressed oops, compressed class ptrs, g1 gc, windows-amd64)
# No core dump will be written. Minidumps are not enabled by default on client versions of Windows
#

---------------  S U M M A R Y ------------

Command Line: --add-opens=java.base/java.lang=ALL-UNNAMED --add-opens=java.base/java.lang.invoke=ALL-UNNAMED --add-opens=java.base/java.util=ALL-UNNAMED --add-opens=java.prefs/java.util.prefs=ALL-UNNAMED --add-exports=jdk.compiler/com.sun.tools.javac.api=ALL-UNNAMED --add-exports=jdk.compiler/com.sun.tools.javac.util=ALL-UNNAMED --add-opens=java.base/java.util=ALL-UNNAMED --add-opens=java.prefs/java.util.prefs=ALL-UNNAMED --add-opens=java.base/java.nio.charset=ALL-UNNAMED --add-opens=java.base/java.net=ALL-UNNAMED --add-opens=java.base/java.util.concurrent=ALL-UNNAMED --add-opens=java.base/java.util.concurrent.atomic=ALL-UNNAMED --add-opens=java.xml/javax.xml.namespace=ALL-UNNAMED --add-opens=java.base/java.time=ALL-UNNAMED -XX:MaxMetaspaceSize=4G -XX:ReservedCodeCacheSize=512m -XX:+HeapDumpOnOutOfMemoryError -Xmx8G -Dfile.encoding=UTF-8 -Duser.country=IN -Duser.language=en -Duser.variant -javaagent:C:\Users\SUJIN\.gradle\wrapper\dists\gradle-9.3.1-all\9ot9r568e8zfvvd4mn8rbu1j0\gradle-9.3.1\lib\agents\gradle-instrumentation-agent-9.3.1.jar org.gradle.launcher.daemon.bootstrap.GradleDaemon 9.3.1

Host: AMD Ryzen 5 3500U with Radeon Vega Mobile Gfx  , 8 cores, 5G,  Windows 11 , 64 bit Build 26100 (10.0.26100.7019)
Time: Sun Oct  4 17:40:31 2026 India Standard Time elapsed time: 14.459561 seconds (0d 0h 0m 14s)

---------------  T H R E A D  ---------------

Current thread (0x00000207f2dc84b0):  JavaThread "C2 CompilerThread0" daemon [_thread_in_native, id=25916, stack(0x0000006788c00000,0x0000006788d00000) (1024K)]


Current CompileTask:
C2:14459 2686   !   4       java.lang.ClassLoader::loadClass (121 bytes)

Stack: [0x0000006788c00000,0x0000006788d00000]
Native frames: (J=compiled Java code, j=interpreted, Vv=VM code, C=native code)
V  [jvm.dll+0x6d83e9]
V  [jvm.dll+0x8b5736]
V  [jvm.dll+0x8b7cee]
V  [jvm.dll+0x8b83d3]
V  [jvm.dll+0x284596]
V  [jvm.dll+0xc685d]
V  [jvm.dll+0xc6da1]
V  [jvm.dll+0x3bf18b]
V  [jvm.dll+0x38b6d2]
V  [jvm.dll+0x38ab1a]
V  [jvm.dll+0x24c700]
V  [jvm.dll+0x24bce0]
V  [jvm.dll+0x1cb4ae]
V  [jvm.dll+0x25baad]
V  [jvm.dll+0x25a03a]
V  [jvm.dll+0x3f8aae]
V  [jvm.dll+0x8600cd]
V  [jvm.dll+0x6d6c1d]
C  [ucrtbase.dll+0x37b0]
C  [KERNEL32.DLL+0x2e8d7]
C  [ntdll.dll+0x8c53c]


---------------  P R O C E S S  ---------------

Threads class SMR info:
_java_thread_list=0x00000207fba04f00, length=23, elements={
0x00000207c54af510, 0x00000207f2daf600, 0x00000207f2db0bd0, 0x00000207f2db5960,
0x00000207f2db6770, 0x00000207f2dc0b10, 0x00000207f2dc4410, 0x00000207f2dc84b0,
0x00000207f2dd5ab0, 0x00000207f5807b70, 0x00000207f59026d0, 0x00000207fb7135b0,
0x00000207f56e6fe0, 0x00000207faaed470, 0x00000207fa99ad80, 0x00000207fa05d400,
0x00000207fa12f6e0, 0x00000207fa993390, 0x00000207fa7b3460, 0x00000207fa7b20b0,
0x00000207fa7b4180, 0x00000207fa7b3af0, 0x00000207fa7b4810
}

Java Threads: ( => current thread )
  0x00000207c54af510 JavaThread "main"                              [_thread_blocked, id=15768, stack(0x0000006787e00000,0x0000006787f00000) (1024K)]
  0x00000207f2daf600 JavaThread "Reference Handler"          daemon [_thread_blocked, id=12624, stack(0x0000006788600000,0x0000006788700000) (1024K)]
  0x00000207f2db0bd0 JavaThread "Finalizer"                  daemon [_thread_blocked, id=7328, stack(0x0000006788700000,0x0000006788800000) (1024K)]
  0x00000207f2db5960 JavaThread "Signal Dispatcher"          daemon [_thread_blocked, id=26748, stack(0x0000006788800000,0x0000006788900000) (1024K)]
  0x00000207f2db6770 JavaThread "Attach Listener"            daemon [_thread_blocked, id=26688, stack(0x0000006788900000,0x0000006788a00000) (1024K)]
  0x00000207f2dc0b10 JavaThread "Service Thread"             daemon [_thread_blocked, id=23192, stack(0x0000006788a00000,0x0000006788b00000) (1024K)]
  0x00000207f2dc4410 JavaThread "Monitor Deflation Thread"   daemon [_thread_blocked, id=10836, stack(0x0000006788b00000,0x0000006788c00000) (1024K)]
=>0x00000207f2dc84b0 JavaThread "C2 CompilerThread0"         daemon [_thread_in_native, id=25916, stack(0x0000006788c00000,0x0000006788d00000) (1024K)]
  0x00000207f2dd5ab0 JavaThread "C1 CompilerThread0"         daemon [_thread_blocked, id=21068, stack(0x0000006788d00000,0x0000006788e00000) (1024K)]
  0x00000207f5807b70 JavaThread "Common-Cleaner"             daemon [_thread_blocked, id=28624, stack(0x0000006788e00000,0x0000006788f00000) (1024K)]
  0x00000207f59026d0 JavaThread "Notification Thread"        daemon [_thread_blocked, id=27900, stack(0x0000006788f00000,0x0000006789000000) (1024K)]
  0x00000207fb7135b0 JavaThread "Daemon health stats"               [_thread_blocked, id=26840, stack(0x0000006789400000,0x0000006789500000) (1024K)]
  0x00000207f56e6fe0 JavaThread "Incoming local TCP Connector on port 51125"        [_thread_in_native, id=27464, stack(0x0000006789500000,0x0000006789600000) (1024K)]
  0x00000207faaed470 JavaThread "Daemon periodic checks"            [_thread_blocked, id=7816, stack(0x0000006789600000,0x0000006789700000) (1024K)]
  0x00000207fa99ad80 JavaThread "Daemon"                            [_thread_blocked, id=23860, stack(0x0000006789700000,0x0000006789800000) (1024K)]
  0x00000207fa05d400 JavaThread "Handler for socket connection from /127.0.0.1:51125 to /127.0.0.1:51126"        [_thread_in_native, id=2348, stack(0x0000006789800000,0x0000006789900000) (1024K)]
  0x00000207fa12f6e0 JavaThread "Cancel handler"                    [_thread_blocked, id=24604, stack(0x0000006789900000,0x0000006789a00000) (1024K)]
  0x00000207fa993390 JavaThread "Daemon worker"                     [_thread_blocked, id=27384, stack(0x0000006789a00000,0x0000006789b00000) (1024K)]
  0x00000207fa7b3460 JavaThread "Asynchronous log dispatcher for DefaultDaemonConnection: socket connection from /127.0.0.1:51125 to /127.0.0.1:51126"        [_thread_blocked, id=2552, stack(0x0000006789b00000,0x0000006789c00000) (1024K)]
  0x00000207fa7b20b0 JavaThread "Stdin handler"                     [_thread_blocked, id=9984, stack(0x0000006789c00000,0x0000006789d00000) (1024K)]
  0x00000207fa7b4180 JavaThread "Daemon client event forwarder"        [_thread_blocked, id=14996, stack(0x0000006789d00000,0x0000006789e00000) (1024K)]
  0x00000207fa7b3af0 JavaThread "Cache worker for journal cache (C:\Users\SUJIN\.gradle\caches\journal-1)"        [_thread_blocked, id=16292, stack(0x0000006789e00000,0x0000006789f00000) (1024K)]
  0x00000207fa7b4810 JavaThread "File lock request listener"        [_thread_in_native, id=27416, stack(0x000000678a200000,0x000000678a300000) (1024K)]
Total: 23

Other Threads:
  0x00000207f2d946b0 VMThread "VM Thread"                           [id=18972, stack(0x0000006788500000,0x0000006788600000) (1024K)]
  0x00000207f2d824b0 WatcherThread "VM Periodic Task Thread"        [id=15964, stack(0x0000006788400000,0x0000006788500000) (1024K)]
  0x00000207f2c41120 WorkerThread "GC Thread#0"                     [id=8564, stack(0x0000006787f00000,0x0000006788000000) (1024K)]
  0x00000207f592dc50 WorkerThread "GC Thread#1"                     [id=18652, stack(0x0000006789000000,0x0000006789100000) (1024K)]
  0x00000207f5930910 WorkerThread "GC Thread#2"                     [id=28140, stack(0x0000006789100000,0x0000006789200000) (1024K)]
  0x00000207fa845e90 WorkerThread "GC Thread#3"                     [id=27940, stack(0x0000006789200000,0x0000006789300000) (1024K)]
  0x00000207fa934570 WorkerThread "GC Thread#4"                     [id=23460, stack(0x0000006789300000,0x0000006789400000) (1024K)]
  0x00000207f5984420 WorkerThread "GC Thread#5"                     [id=27872, stack(0x0000006789f00000,0x000000678a000000) (1024K)]
  0x00000207f59847d0 WorkerThread "GC Thread#6"                     [id=13272, stack(0x000000678a000000,0x000000678a100000) (1024K)]
  0x00000207f5970550 WorkerThread "GC Thread#7"                     [id=28392, stack(0x000000678a100000,0x000000678a200000) (1024K)]
  0x00000207c55275a0 ConcurrentGCThread "G1 Main Marker"            [id=23020, stack(0x0000006788000000,0x0000006788100000) (1024K)]
  0x00000207c5527ec0 WorkerThread "G1 Conc#0"                       [id=11584, stack(0x0000006788100000,0x0000006788200000) (1024K)]
  0x00000207f2c50030 ConcurrentGCThread "G1 Refine#0"               [id=12020, stack(0x0000006788200000,0x0000006788300000) (1024K)]
  0x00000207f2c50860 ConcurrentGCThread "G1 Service"                [id=27428, stack(0x0000006788300000,0x0000006788400000) (1024K)]
Total: 14

Threads with active compile tasks:
C2 CompilerThread0  14524 2686   !   4       java.lang.ClassLoader::loadClass (121 bytes)
Total: 1

VM state: not at safepoint (normal execution)

VM Mutex/Monitor currently owned by a thread: None

Heap address: 0x0000000600000000, size: 8192 MB, Compressed Oops mode: Zero based, Oop shift amount: 3

CDS archive(s) mapped at: [0x0000020780000000-0x0000020780ba0000-0x0000020780ba0000), size 12189696, SharedBaseAddress: 0x0000020780000000, ArchiveRelocationMode: 1.
Compressed class space mapped at: 0x0000020781000000-0x00000207c1000000, reserved size: 1073741824
Narrow klass base: 0x0000020780000000, Narrow klass shift: 0, Narrow klass range: 0x100000000

GC Precious Log:
 CardTable entry size: 512
 Card Set container configuration: InlinePtr #cards 4 size 8 Array Of Cards #cards 32 size 80 Howl #buckets 8 coarsen threshold 7372 Howl Bitmap #cards 1024 size 144 coarsen threshold 921 Card regions per heap region 1 cards per card region 8192
 CPUs: 8 total, 8 available
 Memory: 6081M
 Large Page Support: Disabled
 NUMA Support: Disabled
 Compressed Oops: Enabled (Zero based)
 Heap Region Size: 4M
 Heap Min Capacity: 8M
 Heap Initial Capacity: 96M
 Heap Max Capacity: 8G
 Pre-touch: Disabled
 Parallel Workers: 8
 Concurrent Workers: 2
 Concurrent Refinement Workers: 8
 Periodic GC: Disabled

Heap:
 garbage-first heap   total 98304K, used 26318K [0x0000000600000000, 0x0000000800000000)
  region size 4096K, 4 young (16384K), 2 survivors (8192K)
 Metaspace       used 15121K, committed 15552K, reserved 1114112K
  class space    used 2097K, committed 2304K, reserved 1048576K

Heap Regions: E=young(eden), S=young(survivor), O=old, HS=humongous(starts), HC=humongous(continues), CS=collection set, F=free, TAMS=top-at-mark-start, PB=parsable bottom
|   0|0x0000000600000000, 0x0000000600400000, 0x0000000600400000|100%|HS|  |TAMS 0x0000000600000000| PB 0x0000000600000000| Complete 
|   1|0x0000000600400000, 0x0000000600800000, 0x0000000600800000|100%| O|  |TAMS 0x0000000600400000| PB 0x0000000600400000| Untracked 
|   2|0x0000000600800000, 0x0000000600c00000, 0x0000000600c00000|100%| O|  |TAMS 0x0000000600800000| PB 0x0000000600800000| Untracked 
|   3|0x0000000600c00000, 0x0000000601000000, 0x0000000601000000|100%| O|  |TAMS 0x0000000600c00000| PB 0x0000000600c00000| Untracked 
|   4|0x0000000601000000, 0x00000006010b4d70, 0x0000000601400000| 17%| O|  |TAMS 0x0000000601000000| PB 0x0000000601000000| Untracked 
|   5|0x0000000601400000, 0x0000000601400000, 0x0000000601800000|  0%| F|  |TAMS 0x0000000601400000| PB 0x0000000601400000| Untracked 
|   6|0x0000000601800000, 0x0000000601800000, 0x0000000601c00000|  0%| F|  |TAMS 0x0000000601800000| PB 0x0000000601800000| Untracked 
|   7|0x0000000601c00000, 0x0000000601c00000, 0x0000000602000000|  0%| F|  |TAMS 0x0000000601c00000| PB 0x0000000601c00000| Untracked 
|   8|0x0000000602000000, 0x0000000602000000, 0x0000000602400000|  0%| F|  |TAMS 0x0000000602000000| PB 0x0000000602000000| Untracked 
|   9|0x0000000602400000, 0x0000000602400000, 0x0000000602800000|  0%| F|  |TAMS 0x0000000602400000| PB 0x0000000602400000| Untracked 
|  10|0x0000000602800000, 0x00000006028fedc0, 0x0000000602c00000| 24%| S|CS|TAMS 0x0000000602800000| PB 0x0000000602800000| Complete 
|  11|0x0000000602c00000, 0x0000000603000000, 0x0000000603000000|100%| S|CS|TAMS 0x0000000602c00000| PB 0x0000000602c00000| Complete 
|  12|0x0000000603000000, 0x0000000603000000, 0x0000000603400000|  0%| F|  |TAMS 0x0000000603000000| PB 0x0000000603000000| Untracked 
|  13|0x0000000603400000, 0x0000000603400000, 0x0000000603800000|  0%| F|  |TAMS 0x0000000603400000| PB 0x0000000603400000| Untracked 
|  14|0x0000000603800000, 0x0000000603800000, 0x0000000603c00000|  0%| F|  |TAMS 0x0000000603800000| PB 0x0000000603800000| Untracked 
|  15|0x0000000603c00000, 0x0000000603c00000, 0x0000000604000000|  0%| F|  |TAMS 0x0000000603c00000| PB 0x0000000603c00000| Untracked 
|  16|0x0000000604000000, 0x0000000604000000, 0x0000000604400000|  0%| F|  |TAMS 0x0000000604000000| PB 0x0000000604000000| Untracked 
|  17|0x0000000604400000, 0x0000000604400000, 0x0000000604800000|  0%| F|  |TAMS 0x0000000604400000| PB 0x0000000604400000| Untracked 
|  18|0x0000000604800000, 0x0000000604800000, 0x0000000604c00000|  0%| F|  |TAMS 0x0000000604800000| PB 0x0000000604800000| Untracked 
|  19|0x0000000604c00000, 0x0000000604c00000, 0x0000000605000000|  0%| F|  |TAMS 0x0000000604c00000| PB 0x0000000604c00000| Untracked 
|  20|0x0000000605000000, 0x0000000605000000, 0x0000000605400000|  0%| F|  |TAMS 0x0000000605000000| PB 0x0000000605000000| Untracked 
|  21|0x0000000605400000, 0x0000000605400000, 0x0000000605800000|  0%| F|  |TAMS 0x0000000605400000| PB 0x0000000605400000| Untracked 
|  22|0x0000000605800000, 0x0000000605b065d8, 0x0000000605c00000| 75%| E|  |TAMS 0x0000000605800000| PB 0x0000000605800000| Complete 
|  23|0x0000000605c00000, 0x0000000606000000, 0x0000000606000000|100%| E|CS|TAMS 0x0000000605c00000| PB 0x0000000605c00000| Complete 

Card table byte_map: [0x00000207e9c00000,0x00000207eac00000] _byte_map_base: 0x00000207e6c00000

Marking Bits: (CMBitMap*) 0x00000207f2c41740
 Bits: [0x00000207eac00000, 0x00000207f2c00000)

Polling page: 0x00000207c3310000

Metaspace:

Usage:
  Non-class:     12.72 MB used.
      Class:      2.05 MB used.
       Both:     14.77 MB used.

Virtual space:
  Non-class space:       64.00 MB reserved,      12.94 MB ( 20%) committed,  1 nodes.
      Class space:        1.00 GB reserved,       2.25 MB ( <1%) committed,  1 nodes.
             Both:        1.06 GB reserved,      15.19 MB (  1%) committed. 

Chunk freelists:
   Non-Class:  3.00 MB
       Class:  13.80 MB
        Both:  16.80 MB

MaxMetaspaceSize: 4.00 GB
CompressedClassSpaceSize: 1.00 GB
Initial GC threshold: 21.00 MB
Current GC threshold: 21.00 MB
CDS: on
 - commit_granule_bytes: 65536.
 - commit_granule_words: 8192.
 - virtual_space_node_default_size: 8388608.
 - enlarge_chunks_in_place: 1.
 - use_allocation_guard: 0.


Internal statistics:

num_allocs_failed_limit: 0.
num_arena_births: 476.
num_arena_deaths: 0.
num_vsnodes_births: 2.
num_vsnodes_deaths: 0.
num_space_committed: 243.
num_space_uncommitted: 0.
num_chunks_returned_to_freelist: 0.
num_chunks_taken_from_freelist: 985.
num_chunk_merges: 0.
num_chunk_splits: 637.
num_chunks_enlarged: 454.
num_inconsistent_stats: 0.

CodeHeap 'non-profiled nmethods': size=259264Kb used=1282Kb max_used=1282Kb free=257981Kb
 bounds [0x00000207d8970000, 0x00000207d8be0000, 0x00000207e86a0000]
CodeHeap 'profiled nmethods': size=259264Kb used=5413Kb max_used=5413Kb free=253851Kb
 bounds [0x00000207c86a0000, 0x00000207c8bf0000, 0x00000207d83d0000]
CodeHeap 'non-nmethods': size=5760Kb used=1395Kb max_used=1422Kb free=4364Kb
 bounds [0x00000207d83d0000, 0x00000207d8640000, 0x00000207d8970000]
CodeCache: size=524288Kb, used=8090Kb, max_used=8117Kb, free=516196Kb
 total_blobs=3248, nmethods=2694, adapters=458, full_count=0
Compilation: enabled, stopped_count=0, restarted_count=0

Compilation events (20 events):
Event: 14.085 Thread 0x00000207f2dc84b0 nmethod 2684 0x00000207d8aaf790 code [0x00000207d8aaf940, 0x00000207d8aafc00]
Event: 14.085 Thread 0x00000207f2dc84b0 2685       4       java.util.concurrent.locks.ReentrantLock::lock (8 bytes)
Event: 14.087 Thread 0x00000207f2dc84b0 

Event: 14.087 Thread 0x00000207f2dc84b0 

Event: 14.087 Thread 0x00000207f2dc84b0 

Event: 14.088 Thread 0x00000207f2dc84b0 2686   !   4       java.lang.ClassLoader::loadClass (121 bytes)
Event: 14.092 Thread 0x00000207f2dd5ab0 2688       3       java.util.jar.JarFile$JarFileEntry::getRealName (5 bytes)
Event: 14.092 Thread 0x00000207f2dd5ab0 nmethod 2688 0x00000207c8be6b10 code [0x00000207c8be6ca0, 0x00000207c8be6dc8]
Event: 14.095 Thread 0x00000207f2dd5ab0 2690       3       java.lang.invoke.MemberName$Factory::resolveOrNull (54 bytes)
Event: 14.096 Thread 0x00000207f2dd5ab0 nmethod 2690 0x00000207c8be6e90 code [0x00000207c8be7060, 0x00000207c8be7300]
Event: 14.109 Thread 0x00000207f2dd5ab0 2692   !   3       java.io.RandomAccessFile::length (24 bytes)
Event: 14.109 Thread 0x00000207f2dd5ab0 nmethod 2692 0x00000207c8be7410 code [0x00000207c8be75e0, 0x00000207c8be77f8]
Event: 14.111 Thread 0x00000207f2dd5ab0 2693   !   3       java.lang.invoke.MethodHandles$Lookup$ClassDefiner::defineClass (213 bytes)
Event: 14.112 Thread 0x00000207f2dd5ab0 nmethod 2693 0x00000207c8be7910 code [0x00000207c8be7ba0, 0x00000207c8be86d0]
Event: 14.117 Thread 0x00000207f2dd5ab0 2695       1       java.net.InetAddress::holder (5 bytes)
Event: 14.117 Thread 0x00000207f2dd5ab0 nmethod 2695 0x00000207d8ab0490 code [0x00000207d8ab0620, 0x00000207d8ab06f0]
Event: 14.332 Thread 0x00000207f2dd5ab0 2697       3       jdk.internal.misc.Unsafe::weakCompareAndSetInt (11 bytes)
Event: 14.332 Thread 0x00000207f2dd5ab0 nmethod 2697 0x00000207c8be8c10 code [0x00000207c8be8da0, 0x00000207c8be8ec8]
Event: 14.348 Thread 0x00000207f2dd5ab0 2698       2       java.util.concurrent.locks.ReentrantLock$Sync::tryRelease (51 bytes)
Event: 14.348 Thread 0x00000207f2dd5ab0 nmethod 2698 0x00000207c8be8f90 code [0x00000207c8be9140, 0x00000207c8be9350]

GC Heap History (8 events):
Event: 1.804 GC heap before
{Heap before GC invocations=0 (full 0):
 garbage-first heap   total 98304K, used 20480K [0x0000000600000000, 0x0000000800000000)
  region size 4096K, 5 young (20480K), 0 survivors (0K)
 Metaspace       used 867K, committed 1024K, reserved 1114112K
  class space    used 70K, committed 128K, reserved 1048576K
}
Event: 1.815 GC heap after
{Heap after GC invocations=1 (full 0):
 garbage-first heap   total 98304K, used 1536K [0x0000000600000000, 0x0000000800000000)
  region size 4096K, 1 young (4096K), 1 survivors (4096K)
 Metaspace       used 867K, committed 1024K, reserved 1114112K
  class space    used 70K, committed 128K, reserved 1048576K
}
Event: 5.582 GC heap before
{Heap before GC invocations=1 (full 0):
 garbage-first heap   total 98304K, used 38400K [0x0000000600000000, 0x0000000800000000)
  region size 4096K, 10 young (40960K), 1 survivors (4096K)
 Metaspace       used 4598K, committed 4864K, reserved 1114112K
  class space    used 583K, committed 704K, reserved 1048576K
}
Event: 5.601 GC heap after
{Heap after GC invocations=2 (full 0):
 garbage-first heap   total 98304K, used 11409K [0x0000000600000000, 0x0000000800000000)
  region size 4096K, 2 young (8192K), 2 survivors (8192K)
 Metaspace       used 4598K, committed 4864K, reserved 1114112K
  class space    used 583K, committed 704K, reserved 1048576K
}
Event: 7.760 GC heap before
{Heap before GC invocations=2 (full 0):
 garbage-first heap   total 98304K, used 56465K [0x0000000600000000, 0x0000000800000000)
  region size 4096K, 14 young (57344K), 2 survivors (8192K)
 Metaspace       used 4682K, committed 4928K, reserved 1114112K
  class space    used 584K, committed 704K, reserved 1048576K
}
Event: 7.782 GC heap after
{Heap after GC invocations=3 (full 0):
 garbage-first heap   total 98304K, used 17362K [0x0000000600000000, 0x0000000800000000)
  region size 4096K, 2 young (8192K), 2 survivors (8192K)
 Metaspace       used 4682K, committed 4928K, reserved 1114112K
  class space    used 584K, committed 704K, reserved 1048576K
}
Event: 13.850 GC heap before
{Heap before GC invocations=3 (full 0):
 garbage-first heap   total 98304K, used 66514K [0x0000000600000000, 0x0000000800000000)
  region size 4096K, 14 young (57344K), 2 survivors (8192K)
 Metaspace       used 14163K, committed 14656K, reserved 1114112K
  class space    used 1950K, committed 2176K, reserved 1048576K
}
Event: 13.858 GC heap after
{Heap after GC invocations=4 (full 0):
 garbage-first heap   total 98304K, used 22222K [0x0000000600000000, 0x0000000800000000)
  region size 4096K, 2 young (8192K), 2 survivors (8192K)
 Metaspace       used 14163K, committed 14656K, reserved 1114112K
  class space    used 1950K, committed 2176K, reserved 1048576K
}

Dll operation events (20 events):
Event: 0.598 Attempting to load shared library C:\Users\SUJIN\.cursor\extensions\redhat.java-1.56.0-win32-x64\jre\21.0.12.1-win32-x86_64\bin\nio.dll
Event: 0.603 Loaded shared library C:\Users\SUJIN\.cursor\extensions\redhat.java-1.56.0-win32-x64\jre\21.0.12.1-win32-x86_64\bin\nio.dll
Event: 0.617 Attempting to load shared library C:\Users\SUJIN\.cursor\extensions\redhat.java-1.56.0-win32-x64\jre\21.0.12.1-win32-x86_64\bin\zip.dll
Event: 0.617 Loaded shared library C:\Users\SUJIN\.cursor\extensions\redhat.java-1.56.0-win32-x64\jre\21.0.12.1-win32-x86_64\bin\zip.dll
Event: 1.932 Attempting to load shared library C:\Users\SUJIN\.cursor\extensions\redhat.java-1.56.0-win32-x64\jre\21.0.12.1-win32-x86_64\bin\jimage.dll
Event: 1.932 Loaded shared library C:\Users\SUJIN\.cursor\extensions\redhat.java-1.56.0-win32-x64\jre\21.0.12.1-win32-x86_64\bin\jimage.dll
Event: 3.757 Attempting to load shared library C:\Users\SUJIN\.cursor\extensions\redhat.java-1.56.0-win32-x64\jre\21.0.12.1-win32-x86_64\bin\verify.dll
Event: 3.759 Loaded shared library C:\Users\SUJIN\.cursor\extensions\redhat.java-1.56.0-win32-x64\jre\21.0.12.1-win32-x86_64\bin\verify.dll
Event: 3.829 Attempting to load shared library C:\Users\SUJIN\.gradle\native\660c5614fbf4a5f2a75b1949f50a0caf5cd603558e7d8a26e50b933a0cfb79d1\windows-amd64\native-platform.dll
Event: 3.832 Loaded shared library C:\Users\SUJIN\.gradle\native\660c5614fbf4a5f2a75b1949f50a0caf5cd603558e7d8a26e50b933a0cfb79d1\windows-amd64\native-platform.dll
Event: 3.859 Attempting to load shared library C:\Users\SUJIN\.gradle\native\0.2.8\x86_64-windows-gnu\gradle-fileevents.dll
Event: 3.863 Loaded shared library C:\Users\SUJIN\.gradle\native\0.2.8\x86_64-windows-gnu\gradle-fileevents.dll
Event: 9.496 Attempting to load shared library C:\Users\SUJIN\.cursor\extensions\redhat.java-1.56.0-win32-x64\jre\21.0.12.1-win32-x86_64\bin\management.dll
Event: 9.500 Loaded shared library C:\Users\SUJIN\.cursor\extensions\redhat.java-1.56.0-win32-x64\jre\21.0.12.1-win32-x86_64\bin\management.dll
Event: 9.510 Attempting to load shared library C:\Users\SUJIN\.cursor\extensions\redhat.java-1.56.0-win32-x64\jre\21.0.12.1-win32-x86_64\bin\management_ext.dll
Event: 9.515 Loaded shared library C:\Users\SUJIN\.cursor\extensions\redhat.java-1.56.0-win32-x64\jre\21.0.12.1-win32-x86_64\bin\management_ext.dll
Event: 10.984 Attempting to load shared library C:\Users\SUJIN\.cursor\extensions\redhat.java-1.56.0-win32-x64\jre\21.0.12.1-win32-x86_64\bin\extnet.dll
Event: 10.988 Loaded shared library C:\Users\SUJIN\.cursor\extensions\redhat.java-1.56.0-win32-x64\jre\21.0.12.1-win32-x86_64\bin\extnet.dll
Event: 12.014 Attempting to load shared library C:\Users\SUJIN\.cursor\extensions\redhat.java-1.56.0-win32-x64\jre\21.0.12.1-win32-x86_64\bin\sunmscapi.dll
Event: 12.029 Loaded shared library C:\Users\SUJIN\.cursor\extensions\redhat.java-1.56.0-win32-x64\jre\21.0.12.1-win32-x86_64\bin\sunmscapi.dll

Deoptimization events (20 events):
Event: 14.049 Thread 0x00000207fa993390 Uncommon trap: trap_request=0xffffffde fr.pc=0x00000207d8a42958 relative=0x00000000000002f8
Event: 14.049 Thread 0x00000207fa993390 Uncommon trap: reason=class_check action=maybe_recompile pc=0x00000207d8a42958 method=java.util.regex.Pattern$BmpCharPropertyGreedy.match(Ljava/util/regex/Matcher;ILjava/lang/CharSequence;)Z @ 26 c2
Event: 14.049 Thread 0x00000207fa993390 DEOPT PACKING pc=0x00000207d8a42958 sp=0x0000006789afc490
Event: 14.049 Thread 0x00000207fa993390 DEOPT UNPACKING pc=0x00000207d8424422 sp=0x0000006789afc448 mode 2
Event: 14.049 Thread 0x00000207fa993390 Uncommon trap: trap_request=0xffffffde fr.pc=0x00000207d8a42958 relative=0x00000000000002f8
Event: 14.049 Thread 0x00000207fa993390 Uncommon trap: reason=class_check action=maybe_recompile pc=0x00000207d8a42958 method=java.util.regex.Pattern$BmpCharPropertyGreedy.match(Ljava/util/regex/Matcher;ILjava/lang/CharSequence;)Z @ 26 c2
Event: 14.049 Thread 0x00000207fa993390 DEOPT PACKING pc=0x00000207d8a42958 sp=0x0000006789afc400
Event: 14.049 Thread 0x00000207fa993390 DEOPT UNPACKING pc=0x00000207d8424422 sp=0x0000006789afc3b8 mode 2
Event: 14.080 Thread 0x00000207fa993390 Uncommon trap: trap_request=0xffffffde fr.pc=0x00000207d8998bec relative=0x000000000000044c
Event: 14.080 Thread 0x00000207fa993390 Uncommon trap: reason=class_check action=maybe_recompile pc=0x00000207d8998bec method=java.util.regex.Matcher.match(II)Z @ 121 c2
Event: 14.080 Thread 0x00000207fa993390 DEOPT PACKING pc=0x00000207d8998bec sp=0x0000006789afc0f0
Event: 14.080 Thread 0x00000207fa993390 DEOPT UNPACKING pc=0x00000207d8424422 sp=0x0000006789afc098 mode 2
Event: 14.080 Thread 0x00000207fa993390 Uncommon trap: trap_request=0xffffffde fr.pc=0x00000207d8a42958 relative=0x00000000000002f8
Event: 14.080 Thread 0x00000207fa993390 Uncommon trap: reason=class_check action=maybe_recompile pc=0x00000207d8a42958 method=java.util.regex.Pattern$BmpCharPropertyGreedy.match(Ljava/util/regex/Matcher;ILjava/lang/CharSequence;)Z @ 26 c2
Event: 14.080 Thread 0x00000207fa993390 DEOPT PACKING pc=0x00000207d8a42958 sp=0x0000006789afc060
Event: 14.080 Thread 0x00000207fa993390 DEOPT UNPACKING pc=0x00000207d8424422 sp=0x0000006789afc018 mode 2
Event: 14.080 Thread 0x00000207fa993390 Uncommon trap: trap_request=0xffffffde fr.pc=0x00000207d8a42958 relative=0x00000000000002f8
Event: 14.080 Thread 0x00000207fa993390 Uncommon trap: reason=class_check action=maybe_recompile pc=0x00000207d8a42958 method=java.util.regex.Pattern$BmpCharPropertyGreedy.match(Ljava/util/regex/Matcher;ILjava/lang/CharSequence;)Z @ 26 c2
Event: 14.080 Thread 0x00000207fa993390 DEOPT PACKING pc=0x00000207d8a42958 sp=0x0000006789afbfd0
Event: 14.080 Thread 0x00000207fa993390 DEOPT UNPACKING pc=0x00000207d8424422 sp=0x0000006789afbf88 mode 2

Classes loaded (20 events):
Event: 14.036 Loading class java/nio/file/attribute/PosixFilePermission
Event: 14.036 Loading class java/nio/file/attribute/PosixFilePermission done
Event: 14.036 Loading class java/nio/file/NoSuchFileException
Event: 14.037 Loading class java/nio/file/FileSystemException
Event: 14.037 Loading class java/nio/file/FileSystemException done
Event: 14.037 Loading class java/nio/file/NoSuchFileException done
Event: 14.039 Loading class java/nio/file/attribute/PosixFilePermissions
Event: 14.039 Loading class java/nio/file/attribute/PosixFilePermissions done
Event: 14.039 Loading class java/util/RegularEnumSet$EnumSetIterator
Event: 14.039 Loading class java/util/RegularEnumSet$EnumSetIterator done
Event: 14.039 Loading class java/nio/file/attribute/PosixFilePermissions$1
Event: 14.039 Loading class java/nio/file/attribute/PosixFilePermissions$1 done
Event: 14.086 Loading class java/util/concurrent/ArrayBlockingQueue
Event: 14.086 Loading class java/util/concurrent/ArrayBlockingQueue done
Event: 14.086 Loading class java/util/concurrent/locks/ReentrantLock$FairSync
Event: 14.086 Loading class java/util/concurrent/locks/ReentrantLock$FairSync done
Event: 14.110 Loading class java/net/DatagramPacket
Event: 14.111 Loading class java/net/DatagramPacket done
Event: 14.112 Loading class sun/nio/ch/DatagramChannelImpl$DatagramPackets
Event: 14.112 Loading class sun/nio/ch/DatagramChannelImpl$DatagramPackets done

Classes unloaded (0 events):
No events

Classes redefined (0 events):
No events

Internal exceptions (20 events):
Event: 9.866 Thread 0x00000207c54af510 Exception <a 'java/lang/NoSuchMethodError'{0x00000006053021e0}: 'java.lang.Object java.lang.invoke.DirectMethodHandle$Holder.invokeStatic(java.lang.Object, java.lang.Object, java.lang.Object, java.lang.Object, java.lang.Object, java.lang.Object, java.lang.Object, java.lang.Object, java.lang.Object, java.lang.Object, java.lang.Object, java.lang.Object, java.lang.Object, java.lang.Object, java.lang.Object, java.lang.Object)'> (0x00000006053021e0) 
thrown [s\src\hotspot\share\interpreter\linkResolver.cpp, lin
Event: 11.255 Thread 0x00000207c54af510 Exception <a 'java/lang/NoSuchMethodError'{0x0000000604f06260}: 'java.lang.Object java.lang.invoke.DirectMethodHandle$Holder.invokeVirtual(java.lang.Object, java.lang.Object, java.lang.Object, java.lang.Object, java.lang.Object, java.lang.Object, java.lang.Object, java.lang.Object, java.lang.Object)'> (0x0000000604f06260) 
thrown [s\src\hotspot\share\interpreter\linkResolver.cpp, line 773]
Event: 11.479 Thread 0x00000207c54af510 Exception <a 'java/lang/NoSuchMethodError'{0x00000006048ae050}: 'java.lang.Object java.lang.invoke.DirectMethodHandle$Holder.invokeStaticInit(java.lang.Object, int, int, int, int)'> (0x00000006048ae050) 
thrown [s\src\hotspot\share\interpreter\linkResolver.cpp, line 773]
Event: 11.649 Thread 0x00000207c54af510 Exception <a 'java/lang/NoSuchMethodError'{0x00000006048f7470}: 'java.lang.Object java.lang.invoke.DirectMethodHandle$Holder.invokeStaticInit(java.lang.Object, java.lang.Object, int, int, int, int)'> (0x00000006048f7470) 
thrown [s\src\hotspot\share\interpreter\linkResolver.cpp, line 773]
Event: 11.907 Thread 0x00000207c54af510 Exception <a 'java/io/IOException'{0x0000000604bce9b0}> (0x0000000604bce9b0) 
thrown [s\src\hotspot\share\prims\jni.cpp, line 520]
Event: 11.930 Thread 0x00000207c54af510 Implicit null exception at 0x00000207d89c8224 to 0x00000207d89c888c
Event: 11.948 Thread 0x00000207c54af510 Exception <a 'java/lang/NoSuchMethodError'{0x0000000604441bd8}: 'java.lang.Object java.lang.invoke.DirectMethodHandle$Holder.newInvokeSpecial(java.lang.Object, java.lang.Object, java.lang.Object, java.lang.Object, java.lang.Object)'> (0x0000000604441bd8) 
thrown [s\src\hotspot\share\interpreter\linkResolver.cpp, line 773]
Event: 12.870 Thread 0x00000207fa99ad80 Exception <a 'java/lang/NoSuchMethodError'{0x0000000604177f80}: 'void java.lang.invoke.DirectMethodHandle$Holder.invokeSpecial(java.lang.Object, java.lang.Object, java.lang.Object)'> (0x0000000604177f80) 
thrown [s\src\hotspot\share\interpreter\linkResolver.cpp, line 773]
Event: 13.132 Thread 0x00000207fa993390 Exception <a 'java/lang/NoSuchMethodError'{0x0000000603d6ac00}: 'java.lang.Object java.lang.invoke.DirectMethodHandle$Holder.invokeVirtual(java.lang.Object, java.lang.Object, java.lang.Object, java.lang.Object, java.lang.Object, java.lang.Object, java.lang.Object)'> (0x0000000603d6ac00) 
thrown [s\src\hotspot\share\interpreter\linkResolver.cpp, line 773]
Event: 13.162 Thread 0x00000207fa993390 Exception <a 'java/lang/NoSuchMethodError'{0x0000000603dfebb0}: 'long java.lang.invoke.DirectMethodHandle$Holder.invokeInterface(java.lang.Object, java.lang.Object)'> (0x0000000603dfebb0) 
thrown [s\src\hotspot\share\interpreter\linkResolver.cpp, line 773]
Event: 13.304 Thread 0x00000207fa993390 Exception <a 'java/lang/NoSuchMethodError'{0x00000006039f1700}: 'void java.lang.invoke.DirectMethodHandle$Holder.invokeStatic(java.lang.Object, java.lang.Object)'> (0x00000006039f1700) 
thrown [s\src\hotspot\share\interpreter\linkResolver.cpp, line 773]
Event: 13.322 Thread 0x00000207fa993390 Exception <a 'java/lang/NoSuchMethodError'{0x0000000603a487a8}: 'java.lang.Object java.lang.invoke.DirectMethodHandle$Holder.invokeVirtual(java.lang.Object, java.lang.Object, java.lang.Object, java.lang.Object, java.lang.Object, java.lang.Object, java.lang.Object, java.lang.Object, java.lang.Object, java.lang.Object, java.lang.Object, java.lang.Object)'> (0x0000000603a487a8) 
thrown [s\src\hotspot\share\interpreter\linkResolver.cpp, line 773]
Event: 13.323 Thread 0x00000207fa993390 Exception <a 'java/lang/NoSuchMethodError'{0x0000000603a4d7d0}: 'java.lang.Object java.lang.invoke.DirectMethodHandle$Holder.invokeSpecial(java.lang.Object, java.lang.Object, java.lang.Object, java.lang.Object, java.lang.Object, java.lang.Object, java.lang.Object, java.lang.Object, java.lang.Object, java.lang.Object, java.lang.Object, java.lang.Object, java.lang.Object)'> (0x0000000603a4d7d0) 
thrown [s\src\hotspot\share\interpreter\linkResolver.cpp, line 773]
Event: 13.446 Thread 0x00000207fa993390 Exception <a 'java/lang/NoSuchMethodError'{0x00000006034aba88}: 'int java.lang.invoke.DirectMethodHandle$Holder.invokeVirtual(java.lang.Object, java.lang.Object, java.lang.Object)'> (0x00000006034aba88) 
thrown [s\src\hotspot\share\interpreter\linkResolver.cpp, line 773]
Event: 13.639 Thread 0x00000207fa993390 Exception <a 'java/lang/NoSuchMethodError'{0x0000000603743830}: 'java.lang.Object java.lang.invoke.DirectMethodHandle$Holder.newInvokeSpecial(java.lang.Object, java.lang.Object, java.lang.Object, java.lang.Object, java.lang.Object, java.lang.Object)'> (0x0000000603743830) 
thrown [s\src\hotspot\share\interpreter\linkResolver.cpp, line 773]
Event: 13.757 Thread 0x00000207fa993390 Exception <a 'java/lang/NoSuchMethodError'{0x00000006031f7698}: 'void java.lang.invoke.DelegatingMethodHandle$Holder.reinvoke_L(java.lang.Object, java.lang.Object, java.lang.Object, java.lang.Object, java.lang.Object, java.lang.Object, java.lang.Object, java.lang.Object, java.lang.Object, java.lang.Object)'> (0x00000006031f7698) 
thrown [s\src\hotspot\share\interpreter\linkResolver.cpp, line 773]
Event: 13.759 Thread 0x00000207fa993390 Exception <a 'java/lang/NoSuchMethodError'{0x00000006031ff178}: 'java.lang.Object java.lang.invoke.Invokers$Holder.invoker(java.lang.Object, java.lang.Object, java.lang.Object, java.lang.Object, java.lang.Object, java.lang.Object, java.lang.Object, java.lang.Object, java.lang.Object, java.lang.Object)'> (0x00000006031ff178) 
thrown [s\src\hotspot\share\interpreter\linkResolver.cpp, line 773]
Event: 14.044 Thread 0x00000207fa993390 Exception <a 'java/lang/NoSuchMethodError'{0x00000006058e9f50}: 'void java.lang.invoke.DirectMethodHandle$Holder.invokeInterface(java.lang.Object, java.lang.Object)'> (0x00000006058e9f50) 
thrown [s\src\hotspot\share\interpreter\linkResolver.cpp, line 773]
Event: 14.045 Thread 0x00000207fa993390 Exception <a 'java/lang/IncompatibleClassChangeError'{0x00000006058ed4d0}: Found class java.lang.Object, but interface was expected> (0x00000006058ed4d0) 
thrown [s\src\hotspot\share\interpreter\linkResolver.cpp, line 840]
Event: 14.089 Thread 0x00000207fa993390 Exception <a 'java/lang/NoSuchMethodError'{0x0000000605a1ced8}: 'java.lang.Object java.lang.invoke.DirectMethodHandle$Holder.newInvokeSpecial(java.lang.Object, java.lang.Object, int)'> (0x0000000605a1ced8) 
thrown [s\src\hotspot\share\interpreter\linkResolver.cpp, line 773]

ZGC Phase Switch (0 events):
No events

VM Operations (20 events):
Event: 10.125 Executing non-safepoint VM operation: HandshakeAllThreads (Deoptimize)
Event: 10.125 Executing non-safepoint VM operation: HandshakeAllThreads (Deoptimize) done
Event: 10.125 Executing safepoint VM operation: Cleanup
Event: 10.125 Executing safepoint VM operation: Cleanup done
Event: 10.969 Executing non-safepoint VM operation: HandshakeAllThreads (Deoptimize)
Event: 10.970 Executing non-safepoint VM operation: HandshakeAllThreads (Deoptimize) done
Event: 11.370 Executing non-safepoint VM operation: HandshakeAllThreads (Deoptimize)
Event: 11.370 Executing non-safepoint VM operation: HandshakeAllThreads (Deoptimize) done
Event: 11.370 Executing safepoint VM operation: Cleanup
Event: 11.370 Executing safepoint VM operation: Cleanup done
Event: 11.579 Executing non-safepoint VM operation: HandshakeAllThreads (Deoptimize)
Event: 11.579 Executing non-safepoint VM operation: HandshakeAllThreads (Deoptimize) done
Event: 12.080 Executing non-safepoint VM operation: HandshakeAllThreads (Deoptimize)
Event: 12.081 Executing non-safepoint VM operation: HandshakeAllThreads (Deoptimize) done
Event: 13.082 Executing safepoint VM operation: Cleanup
Event: 13.083 Executing safepoint VM operation: Cleanup done
Event: 13.850 Executing safepoint VM operation: G1CollectForAllocation (G1 Evacuation Pause)
Event: 13.858 Executing safepoint VM operation: G1CollectForAllocation (G1 Evacuation Pause) done
Event: 14.087 Executing non-safepoint VM operation: HandshakeAllThreads (Deoptimize)
Event: 14.087 Executing non-safepoint VM operation: HandshakeAllThreads (Deoptimize) done

Memory protections (0 events):
No events

Nmethod flushes (0 events):
No events

Events (20 events):
Event: 0.545 Thread 0x00000207c54af510 Thread added: 0x00000207f5807b70
Event: 0.698 Thread 0x00000207c54af510 Thread added: 0x00000207f59026d0
Event: 1.839 Thread 0x00000207f2dd5ab0 Thread added: 0x00000207f2dd4d10
Event: 2.566 Thread 0x00000207f2dd4d10 Thread exited: 0x00000207f2dd4d10
Event: 3.793 Thread 0x00000207f2dd5ab0 Thread added: 0x00000207f2dd6180
Event: 4.242 Thread 0x00000207f2dd6180 Thread exited: 0x00000207f2dd6180
Event: 9.702 Thread 0x00000207c54af510 Thread added: 0x00000207fb7135b0
Event: 11.706 Thread 0x00000207c54af510 Thread added: 0x00000207f56e6fe0
Event: 11.974 Thread 0x00000207c54af510 Thread added: 0x00000207faaed470
Event: 12.216 Thread 0x00000207f56e6fe0 Thread added: 0x00000207fa99ad80
Event: 12.229 Thread 0x00000207fa99ad80 Thread added: 0x00000207fa05d400
Event: 12.454 Thread 0x00000207fa99ad80 Thread added: 0x00000207fa12f6e0
Event: 12.872 Thread 0x00000207fa99ad80 Thread added: 0x00000207fa993390
Event: 12.911 Thread 0x00000207fa993390 Thread added: 0x00000207fa7b3460
Event: 12.925 Thread 0x00000207fa993390 Thread added: 0x00000207fa7b20b0
Event: 12.950 Thread 0x00000207fa993390 Thread added: 0x00000207fa7b4180
Event: 13.763 Thread 0x00000207f2dd5ab0 Thread added: 0x00000207f2dd4d10
Event: 14.079 Thread 0x00000207f2dd4d10 Thread exited: 0x00000207f2dd4d10
Event: 14.088 Thread 0x00000207fa993390 Thread added: 0x00000207fa7b3af0
Event: 14.107 Thread 0x00000207fa993390 Thread added: 0x00000207fa7b4810


Dynamic libraries:
0x00007ff7f75b0000 - 0x00007ff7f75be000 	C:\Users\SUJIN\.cursor\extensions\redhat.java-1.56.0-win32-x64\jre\21.0.12.1-win32-x86_64\bin\java.exe
0x00007ff97f7e0000 - 0x00007ff97fa48000 	C:\WINDOWS\SYSTEM32\ntdll.dll
0x00007ff97e7f0000 - 0x00007ff97e8b9000 	C:\WINDOWS\System32\KERNEL32.DLL
0x00007ff97caf0000 - 0x00007ff97cee8000 	C:\WINDOWS\System32\KERNELBASE.dll
0x00007ff9799d0000 - 0x00007ff979a6f000 	C:\WINDOWS\SYSTEM32\apphelp.dll
0x00007ff97cfb0000 - 0x00007ff97d0fb000 	C:\WINDOWS\System32\ucrtbase.dll
0x00007ff93bed0000 - 0x00007ff93bee8000 	C:\Users\SUJIN\.cursor\extensions\redhat.java-1.56.0-win32-x64\jre\21.0.12.1-win32-x86_64\bin\jli.dll
0x00007ff97f580000 - 0x00007ff97f747000 	C:\WINDOWS\System32\USER32.dll
0x00007ff97d3f0000 - 0x00007ff97d417000 	C:\WINDOWS\System32\win32u.dll
0x00007ff97f000000 - 0x00007ff97f02b000 	C:\WINDOWS\System32\GDI32.dll
0x00007ff97c9c0000 - 0x00007ff97caec000 	C:\WINDOWS\System32\gdi32full.dll
0x00007ff97d420000 - 0x00007ff97d4c3000 	C:\WINDOWS\System32\msvcp_win.dll
0x00007ff954e60000 - 0x00007ff954e7e000 	C:\Users\SUJIN\.cursor\extensions\redhat.java-1.56.0-win32-x64\jre\21.0.12.1-win32-x86_64\bin\VCRUNTIME140.dll
0x00007ff96c270000 - 0x00007ff96c504000 	C:\WINDOWS\WinSxS\amd64_microsoft.windows.common-controls_6595b64144ccf1df_6.0.26100.7019_none_3e06ffa0e335b8a8\COMCTL32.dll
0x00007ff97e010000 - 0x00007ff97e0b9000 	C:\WINDOWS\System32\msvcrt.dll
0x00007ff97f750000 - 0x00007ff97f781000 	C:\WINDOWS\System32\IMM32.DLL
0x00007ff95bca0000 - 0x00007ff95bcac000 	C:\Users\SUJIN\.cursor\extensions\redhat.java-1.56.0-win32-x64\jre\21.0.12.1-win32-x86_64\bin\vcruntime140_1.dll
0x00007ff93be40000 - 0x00007ff93becd000 	C:\Users\SUJIN\.cursor\extensions\redhat.java-1.56.0-win32-x64\jre\21.0.12.1-win32-x86_64\bin\msvcp140.dll
0x00007ff8af1b0000 - 0x00007ff8aff52000 	C:\Users\SUJIN\.cursor\extensions\redhat.java-1.56.0-win32-x64\jre\21.0.12.1-win32-x86_64\bin\server\jvm.dll
0x00007ff97f230000 - 0x00007ff97f2e4000 	C:\WINDOWS\System32\ADVAPI32.dll
0x00007ff97eef0000 - 0x00007ff97ef96000 	C:\WINDOWS\System32\sechost.dll
0x00007ff97e130000 - 0x00007ff97e248000 	C:\WINDOWS\System32\RPCRT4.dll
0x00007ff97f130000 - 0x00007ff97f1a4000 	C:\WINDOWS\System32\WS2_32.dll
0x00007ff97c790000 - 0x00007ff97c7ee000 	C:\WINDOWS\SYSTEM32\POWRPROF.dll
0x00007ff9754f0000 - 0x00007ff975525000 	C:\WINDOWS\SYSTEM32\WINMM.dll
0x00007ff975a50000 - 0x00007ff975a5b000 	C:\WINDOWS\SYSTEM32\VERSION.dll
0x00007ff97c770000 - 0x00007ff97c784000 	C:\WINDOWS\SYSTEM32\UMPDC.dll
0x00007ff97b6f0000 - 0x00007ff97b70b000 	C:\WINDOWS\SYSTEM32\kernel.appcore.dll
0x00007ff95bc40000 - 0x00007ff95bc4a000 	C:\Users\SUJIN\.cursor\extensions\redhat.java-1.56.0-win32-x64\jre\21.0.12.1-win32-x86_64\bin\jimage.dll
0x00007ff96c510000 - 0x00007ff96c752000 	C:\WINDOWS\SYSTEM32\DBGHELP.DLL
0x00007ff97eb60000 - 0x00007ff97eeeb000 	C:\WINDOWS\System32\combase.dll
0x00007ff97ea80000 - 0x00007ff97eb57000 	C:\WINDOWS\System32\OLEAUT32.dll
0x00007ff968280000 - 0x00007ff9682bc000 	C:\WINDOWS\SYSTEM32\dbgcore.DLL
0x00007ff97d4d0000 - 0x00007ff97d575000 	C:\WINDOWS\System32\bcryptPrimitives.dll
0x00007ff95bbe0000 - 0x00007ff95bbef000 	C:\Users\SUJIN\.cursor\extensions\redhat.java-1.56.0-win32-x64\jre\21.0.12.1-win32-x86_64\bin\instrument.dll
0x00007ff93be20000 - 0x00007ff93be40000 	C:\Users\SUJIN\.cursor\extensions\redhat.java-1.56.0-win32-x64\jre\21.0.12.1-win32-x86_64\bin\java.dll
0x00007ff97d580000 - 0x00007ff97dcd1000 	C:\WINDOWS\System32\SHELL32.dll
0x00007ff97d100000 - 0x00007ff97d26b000 	C:\WINDOWS\System32\wintypes.dll
0x00007ff97a590000 - 0x00007ff97aded000 	C:\WINDOWS\SYSTEM32\windows.storage.dll
0x00007ff97f030000 - 0x00007ff97f122000 	C:\WINDOWS\System32\SHCORE.dll
0x00007ff97e0c0000 - 0x00007ff97e127000 	C:\WINDOWS\System32\shlwapi.dll
0x00007ff97c850000 - 0x00007ff97c879000 	C:\WINDOWS\SYSTEM32\profapi.dll
0x00007ff93be00000 - 0x00007ff93be18000 	C:\Users\SUJIN\.cursor\extensions\redhat.java-1.56.0-win32-x64\jre\21.0.12.1-win32-x86_64\bin\zip.dll
0x00007ff9563a0000 - 0x00007ff9563b0000 	C:\Users\SUJIN\.cursor\extensions\redhat.java-1.56.0-win32-x64\jre\21.0.12.1-win32-x86_64\bin\net.dll
0x00007ff975710000 - 0x00007ff975838000 	C:\WINDOWS\SYSTEM32\WINHTTP.dll
0x00007ff97bc60000 - 0x00007ff97bccb000 	C:\WINDOWS\system32\mswsock.dll
0x00007ff93bde0000 - 0x00007ff93bdf6000 	C:\Users\SUJIN\.cursor\extensions\redhat.java-1.56.0-win32-x64\jre\21.0.12.1-win32-x86_64\bin\nio.dll
0x00007ff955110000 - 0x00007ff955120000 	C:\Users\SUJIN\.cursor\extensions\redhat.java-1.56.0-win32-x64\jre\21.0.12.1-win32-x86_64\bin\verify.dll
0x00007ff9608a0000 - 0x00007ff9608c7000 	C:\Users\SUJIN\.gradle\native\660c5614fbf4a5f2a75b1949f50a0caf5cd603558e7d8a26e50b933a0cfb79d1\windows-amd64\native-platform.dll
0x00007ff93c420000 - 0x00007ff93c497000 	C:\Users\SUJIN\.gradle\native\0.2.8\x86_64-windows-gnu\gradle-fileevents.dll
0x00007ff954e50000 - 0x00007ff954e5a000 	C:\Users\SUJIN\.cursor\extensions\redhat.java-1.56.0-win32-x64\jre\21.0.12.1-win32-x86_64\bin\management.dll
0x00007ff93cd10000 - 0x00007ff93cd1c000 	C:\Users\SUJIN\.cursor\extensions\redhat.java-1.56.0-win32-x64\jre\21.0.12.1-win32-x86_64\bin\management_ext.dll
0x00007ff97df80000 - 0x00007ff97df88000 	C:\WINDOWS\System32\PSAPI.DLL
0x00007ff97b150000 - 0x00007ff97b184000 	C:\WINDOWS\SYSTEM32\IPHLPAPI.DLL
0x00007ff97deb0000 - 0x00007ff97deba000 	C:\WINDOWS\System32\NSI.dll
0x00007ff93c650000 - 0x00007ff93c659000 	C:\Users\SUJIN\.cursor\extensions\redhat.java-1.56.0-win32-x64\jre\21.0.12.1-win32-x86_64\bin\extnet.dll
0x00007ff97bf20000 - 0x00007ff97bf3b000 	C:\WINDOWS\SYSTEM32\CRYPTSP.dll
0x00007ff97b650000 - 0x00007ff97b68a000 	C:\WINDOWS\system32\rsaenh.dll
0x00007ff97bd10000 - 0x00007ff97bd3b000 	C:\WINDOWS\SYSTEM32\USERENV.dll
0x00007ff97c820000 - 0x00007ff97c84a000 	C:\WINDOWS\SYSTEM32\bcrypt.dll
0x00007ff97bf40000 - 0x00007ff97bf4c000 	C:\WINDOWS\SYSTEM32\CRYPTBASE.dll
0x00007ff93c9c0000 - 0x00007ff93c9ce000 	C:\Users\SUJIN\.cursor\extensions\redhat.java-1.56.0-win32-x64\jre\21.0.12.1-win32-x86_64\bin\sunmscapi.dll
0x00007ff97d270000 - 0x00007ff97d3e7000 	C:\WINDOWS\System32\CRYPT32.dll
0x00007ff97c140000 - 0x00007ff97c170000 	C:\WINDOWS\SYSTEM32\ncrypt.dll
0x00007ff97c0f0000 - 0x00007ff97c12f000 	C:\WINDOWS\SYSTEM32\NTASN1.dll
0x00007ff968450000 - 0x00007ff968458000 	C:\WINDOWS\system32\wshunix.dll

JVMTI agents:
C:\Users\SUJIN\.gradle\wrapper\dists\gradle-9.3.1-all\9ot9r568e8zfvvd4mn8rbu1j0\gradle-9.3.1\lib\agents\gradle-instrumentation-agent-9.3.1.jar path:C:\Users\SUJIN\.cursor\extensions\redhat.java-1.56.0-win32-x64\jre\21.0.12.1-win32-x86_64\bin\instrument.dll, loaded, initialized, instrumentlib options:none

dbghelp: loaded successfully - version: 4.0.5 - missing functions: none
symbol engine: initialized successfully - sym options: 0x614 - pdb path: .;C:\Users\SUJIN\.cursor\extensions\redhat.java-1.56.0-win32-x64\jre\21.0.12.1-win32-x86_64\bin;C:\WINDOWS\SYSTEM32;C:\WINDOWS\WinSxS\amd64_microsoft.windows.common-controls_6595b64144ccf1df_6.0.26100.7019_none_3e06ffa0e335b8a8;C:\Users\SUJIN\.cursor\extensions\redhat.java-1.56.0-win32-x64\jre\21.0.12.1-win32-x86_64\bin\server;C:\Users\SUJIN\.gradle\native\660c5614fbf4a5f2a75b1949f50a0caf5cd603558e7d8a26e50b933a0cfb79d1\windows-amd64;C:\Users\SUJIN\.gradle\native\0.2.8\x86_64-windows-gnu

VM Arguments:
jvm_args: --add-opens=java.base/java.lang=ALL-UNNAMED --add-opens=java.base/java.lang.invoke=ALL-UNNAMED --add-opens=java.base/java.util=ALL-UNNAMED --add-opens=java.prefs/java.util.prefs=ALL-UNNAMED --add-exports=jdk.compiler/com.sun.tools.javac.api=ALL-UNNAMED --add-exports=jdk.compiler/com.sun.tools.javac.util=ALL-UNNAMED --add-opens=java.base/java.util=ALL-UNNAMED --add-opens=java.prefs/java.util.prefs=ALL-UNNAMED --add-opens=java.base/java.nio.charset=ALL-UNNAMED --add-opens=java.base/java.net=ALL-UNNAMED --add-opens=java.base/java.util.concurrent=ALL-UNNAMED --add-opens=java.base/java.util.concurrent.atomic=ALL-UNNAMED --add-opens=java.xml/javax.xml.namespace=ALL-UNNAMED --add-opens=java.base/java.time=ALL-UNNAMED -XX:MaxMetaspaceSize=4G -XX:ReservedCodeCacheSize=512m -XX:+HeapDumpOnOutOfMemoryError -Xmx8G -Dfile.encoding=UTF-8 -Duser.country=IN -Duser.language=en -Duser.variant -javaagent:C:\Users\SUJIN\.gradle\wrapper\dists\gradle-9.3.1-all\9ot9r568e8zfvvd4mn8rbu1j0\gradle-9.3.1\lib\agents\gradle-instrumentation-agent-9.3.1.jar 
java_command: org.gradle.launcher.daemon.bootstrap.GradleDaemon 9.3.1
java_class_path (initial): C:\Users\SUJIN\.gradle\wrapper\dists\gradle-9.3.1-all\9ot9r568e8zfvvd4mn8rbu1j0\gradle-9.3.1\lib\gradle-daemon-main-9.3.1.jar
Launcher Type: SUN_STANDARD

[Global flags]
     intx CICompilerCount                          = 4                                         {product} {ergonomic}
     uint ConcGCThreads                            = 2                                         {product} {ergonomic}
     uint G1ConcRefinementThreads                  = 8                                         {product} {ergonomic}
   size_t G1HeapRegionSize                         = 4194304                                   {product} {ergonomic}
    uintx GCDrainStackTargetSize                   = 64                                        {product} {ergonomic}
     bool HeapDumpOnOutOfMemoryError               = true                                   {manageable} {command line}
   size_t InitialHeapSize                          = 100663296                                 {product} {ergonomic}
   size_t MarkStackSize                            = 4194304                                   {product} {ergonomic}
   size_t MaxHeapSize                              = 8589934592                                {product} {command line}
   size_t MaxMetaspaceSize                         = 4294967296                                {product} {command line}
   size_t MaxNewSize                               = 5150605312                                {product} {ergonomic}
   size_t MinHeapDeltaBytes                        = 4194304                                   {product} {ergonomic}
   size_t MinHeapSize                              = 8388608                                   {product} {ergonomic}
    uintx NonNMethodCodeHeapSize                   = 5839372                                {pd product} {ergonomic}
    uintx NonProfiledCodeHeapSize                  = 265515770                              {pd product} {ergonomic}
    uintx ProfiledCodeHeapSize                     = 265515770                              {pd product} {ergonomic}
    uintx ReservedCodeCacheSize                    = 536870912                              {pd product} {command line}
     bool SegmentedCodeCache                       = true                                      {product} {ergonomic}
   size_t SoftMaxHeapSize                          = 8589934592                             {manageable} {ergonomic}
     bool UseCompressedOops                        = true                           {product lp64_product} {ergonomic}
     bool UseG1GC                                  = true                                      {product} {ergonomic}
     bool UseLargePagesIndividualAllocation        = false                                  {pd product} {ergonomic}

Logging:
Log output configuration:
 #0: stdout all=warning uptime,level,tags foldmultilines=false
 #1: stderr all=off uptime,level,tags foldmultilines=false

Release file:
JAVA_VERSION="21.0.12.1" 
MODULES="java.base java.compiler java.datatransfer java.xml java.prefs java.desktop java.instrument java.logging java.management java.security.sasl java.naming java.rmi java.management.rmi java.net.http java.scripting java.security.jgss java.transaction.xa java.sql java.sql.rowset java.xml.crypto java.se java.smartcardio jdk.accessibility jdk.internal.jvmstat jdk.attach jdk.charsets jdk.internal.opt jdk.zipfs jdk.compiler jdk.crypto.ec jdk.crypto.cryptoki jdk.crypto.mscapi jdk.dynalink jdk.internal.ed jdk.editpad jdk.hotspot.agent jdk.httpserver jdk.internal.le jdk.internal.vm.ci jdk.internal.vm.compiler jdk.internal.vm.compiler.management jdk.jartool jdk.javadoc jdk.jcmd jdk.management jdk.management.agent jdk.jconsole jdk.jdeps jdk.jdwp.agent jdk.jdi jdk.jfr jdk.jshell jdk.jsobject jdk.jstatd jdk.localedata jdk.management.jfr jdk.naming.dns jdk.naming.rmi jdk.net jdk.nio.mapmode jdk.random jdk.sctp jdk.security.auth jdk.security.jgss jdk.unsupported jdk.unsupported.desktop jdk.xml.dom" 

Environment Variables:
JAVA_HOME=C:\Program Files\Java\jdk-21
PATH=C:\Program Files\Common Files\Oracle\Java\javapath;C:\WINDOWS\system32;C:\WINDOWS;C:\WINDOWS\System32\Wbem;C:\WINDOWS\System32\WindowsPowerShell\v1.0\;C:\WINDOWS\System32\OpenSSH\;C:\ProgramData\chocolatey\bin;C:\Program Files\Git\cmd;C:\Program Files (x86)\Windows Kits\10\Windows Performance Toolkit\;C:\Program Files\Java\jdk-21\bin;C:\Users\SUJIN\AppData\Local\Android\sdk\platform-tools;D:\coding_essentials\flutter\bin;C:\gradle\gradle-8.11.1-all\gradle-8.11.1\bin;C:\Program Files\nodejs\;C:\Users\SUJIN\AppData\Local\Pub\Cache\bin;C:\Program Files\cursor\resources\app\bin;C:\Users\SUJIN\AppData\Local\Programs\Python\Python313;C:\Users\SUJIN\AppData\Local\Microsoft\WindowsApps;D:\Microsoft VS Code\bin;D:\coding_essentials\flutter\bin;C:\Users\SUJIN\AppData\Roaming\npm;C:\Users\SUJIN\AppData\Local\Programs\Python\Python313\Scripts;C:\Users\SUJIN\AppData\Local\Programs\Antigravity\bin
USERNAME=SUJIN
OS=Windows_NT
PROCESSOR_IDENTIFIER=AMD64 Family 23 Model 24 Stepping 1, AuthenticAMD
TMP=C:\Users\SUJIN\AppData\Local\Temp
TEMP=C:\Users\SUJIN\AppData\Local\Temp




Periodic native trim disabled

---------------  S Y S T E M  ---------------

OS:
 Windows 11 , 64 bit Build 26100 (10.0.26100.7019)
OS uptime: 12 days 6:14 hours

CPU: total 8 (initial active 8) (8 cores per cpu, 2 threads per core) family 23 model 24 stepping 1 microcode 0x8108109, cx8, cmov, fxsr, ht, mmx, 3dnowpref, sse, sse2, sse3, ssse3, sse4a, sse4.1, sse4.2, popcnt, lzcnt, tsc, tscinvbit, avx, avx2, aes, clmul, bmi1, bmi2, adx, sha, fma, vzeroupper, clflush, clflushopt, rdtscp, f16c
Processor Information for the first 8 processors :
  Max Mhz: 2100, Current Mhz: 2100, Mhz Limit: 2100

Memory: 4k page, system-wide physical 6081M (987M free)
TotalPageFile size 24513M (AvailPageFile size 5M)
current process WorkingSet (physical memory assigned to process): 176M, peak: 176M
current process commit charge ("private bytes"): 238M, peak: 240M

vm_info: OpenJDK 64-Bit Server VM (21.0.12.1+1-LTS) for windows-amd64 JRE (21.0.12.1+1-LTS), built on 2026-08-18T00:00:00Z by "admin" with MS VC++ 17.12 (VS2022)

END.
